== balance (v1, 10000 games/config)
  2p:mira+gritch                           gritch:0.874  mira:0.126
  2p:mira+hulda                            hulda:0.794  mira:0.206
  2p:mira+sable                            mira:0.194  sable:0.806
  2p:mira+twins                            mira:0.272  twins:0.728
  2p:mira+quill                            mira:0.253  quill:0.747
  2p:gritch+hulda                          gritch:0.595  hulda:0.406
  2p:gritch+sable                          gritch:0.640  sable:0.360
  2p:gritch+twins                          gritch:0.695  twins:0.305
  2p:gritch+quill                          gritch:0.637  quill:0.363
  2p:hulda+sable                           hulda:0.388  sable:0.612
  2p:hulda+twins                           hulda:0.574  twins:0.426
  2p:hulda+quill                           hulda:0.522  quill:0.478
  2p:sable+twins                           sable:0.587  twins:0.413
  2p:sable+quill                           quill:0.470  sable:0.530
  2p:twins+quill                           quill:0.535  twins:0.465
  3p:mira+gritch+hulda                     gritch:0.529  hulda:0.362  mira:0.109
  3p:mira+gritch+sable                     gritch:0.506  mira:0.110  sable:0.385
  3p:mira+gritch+twins                     gritch:0.565  mira:0.123  twins:0.312
  3p:mira+gritch+quill                     gritch:0.492  mira:0.103  quill:0.405
  3p:mira+hulda+sable                      hulda:0.343  mira:0.122  sable:0.535
  3p:mira+hulda+twins                      hulda:0.445  mira:0.165  twins:0.390
  3p:mira+hulda+quill                      hulda:0.394  mira:0.139  quill:0.467
  3p:mira+sable+twins                      mira:0.137  sable:0.521  twins:0.342
  3p:mira+sable+quill                      mira:0.125  quill:0.439  sable:0.437
  3p:mira+twins+quill                      mira:0.156  quill:0.503  twins:0.341
  3p:gritch+hulda+sable                    gritch:0.384  hulda:0.259  sable:0.357
  3p:gritch+hulda+twins                    gritch:0.442  hulda:0.310  twins:0.248
  3p:gritch+hulda+quill                    gritch:0.395  hulda:0.261  quill:0.344
  3p:gritch+sable+twins                    gritch:0.434  sable:0.328  twins:0.238
  3p:gritch+sable+quill                    gritch:0.384  quill:0.341  sable:0.276
  3p:gritch+twins+quill                    gritch:0.423  quill:0.359  twins:0.218
  3p:hulda+sable+twins                     hulda:0.294  sable:0.454  twins:0.251
  3p:hulda+sable+quill                     hulda:0.257  quill:0.347  sable:0.396
  3p:hulda+twins+quill                     hulda:0.313  quill:0.420  twins:0.268
  3p:sable+twins+quill                     quill:0.385  sable:0.363  twins:0.252
  4p:mira+gritch+hulda+sable               gritch:0.337  hulda:0.241  mira:0.093  sable:0.329
  4p:mira+gritch+hulda+twins               gritch:0.381  hulda:0.277  mira:0.107  twins:0.235
  4p:mira+gritch+hulda+quill               gritch:0.350  hulda:0.220  mira:0.088  quill:0.342
  4p:mira+gritch+sable+twins               gritch:0.365  mira:0.101  sable:0.297  twins:0.237
  4p:mira+gritch+sable+quill               gritch:0.329  mira:0.079  quill:0.345  sable:0.247
  4p:mira+gritch+twins+quill               gritch:0.345  mira:0.092  quill:0.364  twins:0.200
  4p:mira+hulda+sable+twins                hulda:0.262  mira:0.114  sable:0.381  twins:0.242
  4p:mira+hulda+sable+quill                hulda:0.231  mira:0.089  quill:0.352  sable:0.327
  4p:mira+hulda+twins+quill                hulda:0.254  mira:0.108  quill:0.400  twins:0.238
  4p:mira+sable+twins+quill                mira:0.096  quill:0.379  sable:0.297  twins:0.229
  4p:gritch+hulda+sable+twins              gritch:0.307  hulda:0.217  sable:0.289  twins:0.187
  4p:gritch+hulda+sable+quill              gritch:0.267  hulda:0.186  quill:0.301  sable:0.246
  4p:gritch+hulda+twins+quill              gritch:0.310  hulda:0.201  quill:0.321  twins:0.168
  4p:gritch+sable+twins+quill              gritch:0.289  quill:0.320  sable:0.226  twins:0.165
  4p:hulda+sable+twins+quill               hulda:0.202  quill:0.327  sable:0.287  twins:0.184
   done in 1989s -> /home/user/fantasia/experiments/glimmerdark/results/v1/balance.json
== strategies (v1, 10000 games/config)
  2p:tactician/greedy                           greedy:0.316  tactician:0.684  _minutes_p50:46.667
  2p:tactician/cautious                         cautious:0.523  tactician:0.477  _minutes_p50:45.000
  2p:greedy/cautious                            cautious:0.679  greedy:0.321  _minutes_p50:45.000
  2p:tactician/tactician                        tactician:0.500  _minutes_p50:46.667
  2p:greedy/greedy                              greedy:0.500  _minutes_p50:46.667
  2p:cautious/cautious                          cautious:0.500  _minutes_p50:45.000
  3p:tactician/greedy/cautious                  tactician:0.355  cautious:0.444  greedy:0.201  _minutes_p50:41.083
  3p:tactician/tactician/tactician              tactician:0.333  _minutes_p50:41.083
  3p:greedy/greedy/greedy                       greedy:0.333  _minutes_p50:41.083
  3p:cautious/cautious/cautious                 cautious:0.333  _minutes_p50:41.083
  4p:tactician/greedy/cautious/tactician        cautious:0.311  tactician:0.262  greedy:0.165  _minutes_p50:38.000
  4p:tactician/greedy/greedy/cautious           cautious:0.324  greedy:0.191  tactician:0.295  _minutes_p50:38.000
  4p:tactician/cautious/cautious/greedy         greedy:0.165  cautious:0.278  tactician:0.280  _minutes_p50:34.833
   done in 505s -> /home/user/fantasia/experiments/glimmerdark/results/v1/strategies.json
== luck (v1, 10000 games/config)
  2p:tactician/random                      {'tactician': 0.9995, 'random': 0.0005, 'luck': {'luckiest_draw_win_rate': 0.4972442128469787, 'fair': 0.5}}
  2p:tactician/tactician                   {'tactician': 0.5, 'luck': {'luckiest_draw_win_rate': 0.5716654940194994, 'fair': 0.5}}
  4p:tactician/random/random/random        {'random': 0.00015, 'tactician': 0.99955, 'luck': {'luckiest_draw_win_rate': 0.2388577256501785, 'fair': 0.25}}
   done in 112s -> /home/user/fantasia/experiments/glimmerdark/results/v1/luck.json
